Committed retained project requires no source materialization.
{
  "singleApplicationShell": true,
  "stages": 30,
  "retainedJobId": "JOB-20260823144121",
  "currentStage": 2,
  "stage1": "COMPLETE",
  "downstreamFabricated": false,
  "responseSchema": "closed-loop-stage-response/2",
  "obsoleteRuntimeWrappers": false
}
file:///home/runner/work/closed-loop-tracker/closed-loop-tracker/verify-hash.mjs:6
const assert=(ok,msg)=>{if(!ok)throw new Error(msg);};
                                     ^

Error: workbook.js cache token runtime-ece3c1371506c7fd does not match runtime bundle identity runtime-d767c3d9e1b4af0d.
    at assert (file:///home/runner/work/closed-loop-tracker/closed-loop-tracker/verify-hash.mjs:6:38)
    at file:///home/runner/work/closed-loop-tracker/closed-loop-tracker/verify-hash.mjs:29:2
    at Array.forEach (<anonymous>)
    at file:///home/runner/work/closed-loop-tracker/closed-loop-tracker/verify-hash.mjs:25:15
    at ModuleJob.run (node:internal/modules/esm/module_job:343:25)
    at async onImport.tracePromise.__proto__ (node:internal/modules/esm/loader:681:26)
    at async asyncRunEntryPointWithESMLoader (node:internal/modules/run_main:117:5)

Node.js v22.23.2
