{
  "status": "BUILT",
  "input": "app-v11.html",
  "output": "app-v12.html",
  "bytes": 35057,
  "verifierTargetBinding": true,
  "fullPriorContext": true
}
Google Chrome 151.0.7922.137 

added 1 package in 1s
node:internal/modules/run_main:123
    triggerUncaughtException(
    ^

AssertionError [ERR_ASSERTION]: Expected values to be strictly equal:
+ actual - expected

+ 'A=3\nB=4\nC=5\nTOTAL=12'
- 'A=3\nB=4\nC=5\nTOTAL=12\n'
                          ^

    at file:///home/runner/work/closed-loop-tracker/closed-loop-tracker/browser-e2e-v12.mjs:25:812 {
  generatedMessage: true,
  code: 'ERR_ASSERTION',
  actual: 'A=3\nB=4\nC=5\nTOTAL=12',
  expected: 'A=3\nB=4\nC=5\nTOTAL=12\n',
  operator: 'strictEqual',
  diff: 'simple'
}

Node.js v22.23.2
