=== node --check app-core.js ===
=== node --check hash.js ===
=== node --check project-store.js ===
=== node --check prompt-engine.js ===
=== node --check response-ingestion.js ===
=== node --check test-runtime.js ===
=== node --check test-worker.js ===
=== node --check workbook.js ===
=== node --check workflow-engine.js ===
=== node --check workflow-schema.js ===
=== node --check build-test-project-impl.mjs ===
=== node --check build-test-project.mjs ===
=== node --check test-fixtures.mjs ===
=== node --check verify-browser-extra.mjs ===
=== node --check verify-browser.mjs ===
=== node --check verify-complete.mjs ===
=== node --check verify-definition-of-done.mjs ===
=== node --check verify-full-cycle.mjs ===
=== node --check verify-hash.mjs ===
=== node --check verify-ingestion.mjs ===
=== node --check verify-intent-capture.mjs ===
=== node --check verify-live.mjs ===
=== node --check verify-mobile-stage-action.mjs ===
=== node --check verify-project-lifecycle.mjs ===
=== node --check verify-prompt-semantics.mjs ===
=== node --check verify-semantic-invariant.mjs ===
=== node --check verify-test-runtime.mjs ===
=== node --check verify.mjs ===
=== node build-test-project.mjs ===
Committed retained project requires no source materialization.
{
  "singleApplicationShell": true,
  "stages": 30,
  "retainedJobId": "JOB-20260823144121",
  "currentStage": 2,
  "stage1": "COMPLETE",
  "downstreamFabricated": false,
  "responseSchema": "closed-loop-stage-response/3",
  "obsoleteRuntimeWrappers": false
}
=== node verify.mjs ===
file:///home/runner/work/closed-loop-tracker/closed-loop-tracker/verify.mjs:61
const ingestionRun=spawnSync(process.execPath,['verify-ingestion.mjs'],{encoding:'utf8'});if(ingestionRun.status!==0)throw new Error(`verify-ingestion.mjs failed:\n${ingestionRun.stdout}\n${ingestionRun.stderr}`);
                                                                                                                           ^

Error: verify-ingestion.mjs failed:
{
  "stagesExercised": 30,
  "responseSchema": "closed-loop-stage-response/3",
  "negativeCases": 70,
  "clarificationLoop": true,
  "atomicPrecommit": true,
  "extractionManifest": true,
  "canonicalIdsApplicationAssigned": true,
  "scopeIdentityMatrix": true,
  "verifiedAttachmentBinding": true
}
{
  "pr3Dispositions": true,
  "preconditions": true,
  "promptEnginePreconditions": true,
  "idempotentAcceptance": true,
  "canonicalEnvelopeIdempotency": true,
  "typedHumanAnswers": true,
  "clarificationPromptInvalidation": true,
  "exactManifestPointers": true,
  "acceptanceAfterRejectionBlocked": true,
  "staleProjectRevisionBlocked": true,
  "totalNegativeCases": 74
}
{
  "operationStageDataIsolation": true,
  "reservedTargetPolicy": true,
  "completedReservedTargetBlocked": true,
  "targetScopeIsolation": true,
  "totalNegativeCases": 79
}
{
  "persistedPromptAuthority": true,
  "readableClarificationTargets": true,
  "humanInputResponseExclusivity": true,
  "choiceContractValidation": true,
  "humanAnswerEdgeValidation": true,
  "totalNegativeCases": 86
}

file:///home/runner/work/closed-loop-tracker/closed-loop-tracker/verify-ingestion.mjs:451
  if(!prepared.validation.valid)throw new Error('Deterministic smart-quote delimiter recovery failed: '+JSON.stringify(prepared.validation.issues));
                                      ^

Error: Deterministic smart-quote delimiter recovery failed: [{"code":"INCOMPLETE_STAGE_01_INTAKE_ACCOUNTING","path":"/stageData/INPUT_SET_CONTENTS","message":"Stage 01 INPUT_SET_CONTENTS must be a JSON string using the required accounting structure: Unexpected token 'H', \"Human requ\"... is not valid JSON","severity":"ERROR"},{"code":"JSON_TYPOGRAPHY_NORMALIZED","path":"/","message":"Typographic JSON delimiter quotes were deterministically normalized for parsing; the exact raw response remains preserved unchanged.","severity":"WARNING"}]
    at file:///home/runner/work/closed-loop-tracker/closed-loop-tracker/verify-ingestion.mjs:451:39
    at ModuleJob.run (node:internal/modules/esm/module_job:343:25)
    at async onImport.tracePromise.__proto__ (node:internal/modules/esm/loader:681:26)
    at async asyncRunEntryPointWithESMLoader (node:internal/modules/run_main:117:5)

Node.js v22.23.2

    at file:///home/runner/work/closed-loop-tracker/closed-loop-tracker/verify.mjs:61:124
    at ModuleJob.run (node:internal/modules/esm/module_job:343:25)
    at async onImport.tracePromise.__proto__ (node:internal/modules/esm/loader:681:26)
    at async asyncRunEntryPointWithESMLoader (node:internal/modules/run_main:117:5)

Node.js v22.23.2
FAILED rc=1: node verify.mjs
