===== node --check workflow-schema.js =====
EXIT=0
===== node --check workflow-engine.js =====
EXIT=0
===== node --check prompt-engine.js =====
EXIT=0
===== node --check response-ingestion.js =====
EXIT=0
===== node --check project-store.js =====
EXIT=0
===== node --check app-core.js =====
EXIT=0
===== node --check test-runtime.js =====
EXIT=0
===== node --check test-worker.js =====
EXIT=0
===== node --check verify-prompt-semantics.mjs =====
EXIT=0
===== node --check verify-intent-capture.mjs =====
EXIT=0
===== node verify-intent-capture.mjs =====
intent capture and Stage 04 capture-once regression passed
EXIT=0
===== node verify-prompt-semantics.mjs =====
{
  "promptSemanticContradictions": true,
  "stageOperationsChecked": 41,
  "mutationCasesRejected": 9,
  "stage2SourceCount": true,
  "testExecutionOrchestration": true,
  "artifactGenerationBoundary": true,
  "promptVersionBoundary": true,
  "insufficiencyRecovery": true,
  "operationIsolation": true,
  "applicationOwnership": true,
  "subjectNeutralStage1": true
}
file:///home/runner/work/closed-loop-tracker/closed-loop-tracker/verify-prompt-semantics.mjs:402
 for(const token of ['STAGE 01 MACHINE OUTPUT SHAPE — DO NOT INVENT SUB-OBJECT KEYS','evidenceKeys','sourceType, sourceReference, locator, excerpt, supports','Do not enumerate archive entries, internal file counts, directory trees, hashes, workbook rows','Do not turn it into a Stage 02 archive/file inventory'])if(!r.prompt.includes(token))throw new Error('Stage 01 exact-output/locality contract missing: '+token);
                                                                                                                                                                                                                                                                                                                                                           ^

Error: Stage 01 exact-output/locality contract missing: Do not enumerate archive entries, internal file counts, directory trees, hashes, workbook rows
    at file:///home/runner/work/closed-loop-tracker/closed-loop-tracker/verify-prompt-semantics.mjs:402:348
    at ModuleJob.run (node:internal/modules/esm/module_job:343:25)
    at async onImport.tracePromise.__proto__ (node:internal/modules/esm/loader:681:26)
    at async asyncRunEntryPointWithESMLoader (node:internal/modules/run_main:117:5)

Node.js v22.23.2
EXIT=1
