===== node --check workflow-schema.js =====
EXIT=0
===== node --check workflow-engine.js =====
EXIT=0
===== node --check prompt-engine.js =====
EXIT=0
===== node --check response-ingestion.js =====
EXIT=0
===== node --check project-store.js =====
EXIT=0
===== node --check app-core.js =====
EXIT=0
===== node --check test-runtime.js =====
EXIT=0
===== node --check test-worker.js =====
EXIT=0
===== node --check verify-prompt-semantics.mjs =====
EXIT=0
===== node --check verify-intent-capture.mjs =====
EXIT=0
===== node verify-intent-capture.mjs =====
intent capture and Stage 04 capture-once regression passed
EXIT=0
===== node verify-prompt-semantics.mjs =====
{
  "promptSemanticContradictions": true,
  "stageOperationsChecked": 41,
  "mutationCasesRejected": 9,
  "stage2SourceCount": true,
  "testExecutionOrchestration": true,
  "artifactGenerationBoundary": true,
  "promptVersionBoundary": true,
  "insufficiencyRecovery": true,
  "operationIsolation": true,
  "applicationOwnership": true,
  "subjectNeutralStage1": true
}
file:///home/runner/work/closed-loop-tracker/closed-loop-tracker/verify-prompt-semantics.mjs:368
 for(const re of required1)if(!re.test(s1))throw new Error('Stage 01 missing locality boundary: '+re);
                                                 ^

Error: Stage 01 missing locality boundary: /job definition and clarification only/i
    at file:///home/runner/work/closed-loop-tracker/closed-loop-tracker/verify-prompt-semantics.mjs:368:50
    at ModuleJob.run (node:internal/modules/esm/module_job:343:25)
    at async onImport.tracePromise.__proto__ (node:internal/modules/esm/loader:681:26)
    at async asyncRunEntryPointWithESMLoader (node:internal/modules/run_main:117:5)

Node.js v22.23.2
EXIT=1
