===== node --check app-core.js =====
EXIT=0
===== node --check hash.js =====
EXIT=0
===== node --check project-store.js =====
EXIT=0
===== node --check prompt-engine.js =====
EXIT=0
===== node --check response-ingestion.js =====
EXIT=0
===== node --check test-runtime.js =====
EXIT=0
===== node --check test-worker.js =====
EXIT=0
===== node --check workbook.js =====
EXIT=0
===== node --check workflow-engine.js =====
EXIT=0
===== node --check workflow-schema.js =====
EXIT=0
===== node --check build-test-project-impl.mjs =====
EXIT=0
===== node --check build-test-project.mjs =====
EXIT=0
===== node --check test-fixtures.mjs =====
EXIT=0
===== node --check verify-browser-extra.mjs =====
EXIT=0
===== node --check verify-browser.mjs =====
EXIT=0
===== node --check verify-complete.mjs =====
EXIT=0
===== node --check verify-definition-of-done.mjs =====
EXIT=0
===== node --check verify-full-cycle.mjs =====
EXIT=0
===== node --check verify-hash.mjs =====
EXIT=0
===== node --check verify-ingestion.mjs =====
EXIT=0
===== node --check verify-intent-capture.mjs =====
EXIT=0
===== node --check verify-live.mjs =====
EXIT=0
===== node --check verify-mobile-stage-action.mjs =====
EXIT=0
===== node --check verify-project-lifecycle.mjs =====
EXIT=0
===== node --check verify-prompt-semantics.mjs =====
EXIT=0
===== node --check verify-semantic-invariant.mjs =====
EXIT=0
===== node --check verify-test-runtime-limits.mjs =====
EXIT=0
===== node --check verify-test-runtime-v3.mjs =====
EXIT=0
===== node --check verify-test-runtime.mjs =====
EXIT=0
===== node --check verify-v3-contract.mjs =====
EXIT=0
===== node --check verify-v3-definition-of-done.mjs =====
EXIT=0
===== node --check verify-v3-migration.mjs =====
EXIT=0
===== node --check verify.mjs =====
EXIT=0
===== node verify-intent-capture.mjs =====
intent capture and Stage 04 capture-once regression passed
EXIT=0
===== node verify-prompt-semantics.mjs =====
{
  "promptSemanticContradictions": true,
  "stageOperationsChecked": 41,
  "mutationCasesRejected": 9,
  "stage2SourceCount": true,
  "testExecutionOrchestration": true,
  "artifactGenerationBoundary": true,
  "promptVersionBoundary": true,
  "insufficiencyRecovery": true,
  "operationIsolation": true,
  "applicationOwnership": true,
  "subjectNeutralStage1": true
}
{
  "reliabilityV2PromptIsolation": true
}
{
  "stage23PriorConclusionIsolation": true,
  "stage24PriorConclusionIsolation": true,
  "stage12PriorSummaryIsolation": true
}
{"stage04CapturedInputReuse":true}
{
  "independentReviewerPromptIdentity": true,
  "promptEngineVersion": "closed-loop-prompt-engine/31"
}
EXIT=0
===== node verify-semantic-invariant.mjs =====
{"semanticFalseAcceptanceInvariant":true,"conclusionBearingCollections":12,"releaseGradeIndependence":true,"traceIntegrity":true,"centralAdjudication":true,"affirmativeCapabilityAvailability":true,"epistemicEvidenceChains":true,"effectiveStability":true}
EXIT=0
===== node verify-v3-migration.mjs =====
{"verifyV3Migration":"PASS","from":"closed-loop-project/2","to":"closed-loop-project/3","stages":30,"unknownExtensionsPreserved":true,"rawV2ResponsePreserved":true,"originalPayloadPreserved":true,"idempotent":true}
EXIT=0
===== node verify-v3-contract.mjs =====
{"verifyV3Contract":"PASS","projectSchema":"closed-loop-project/3","responseSchema":"closed-loop-stage-response/3","testIrSchema":"closed-loop-test-spec/1","packageSchema":"closed-loop-verification-package/1","stageCount":30,"runtimeOperations":27,"centralizedLimits":10}
EXIT=0
===== node verify-test-runtime-v3.mjs =====
{"verifyTestRuntimeV3":"PASS","operations":27,"inputLimit":33554432,"workerTimeoutMs":5000,"json":true,"csv":true,"xml":true,"byteCompare":true,"integerExact":true,"approximateTolerance":true,"unknownOperationRejected":true,"unknownPropertyRejected":true,"arbitraryCodeRejected":true,"timeoutNoPartialResult":true}
EXIT=0
===== node verify-test-runtime-limits.mjs =====
{"verifyTestRuntimeLimits":"PASS","limits":["maxArchiveExpansionBytes","maxCollectionItems","maxCsvCells","maxDecompressedBytes","maxParsedDepth","maxParsedNodes","maxRegexInputBytes","maxRegexLength","maxRegexPatternBytes","maxSelectorDepth","maxSteps","maxTextBytes","maxTotalInputBytes","maxXmlNodes","workerTimeoutMs"],"totalInputBoundary":true,"textBoundary":true,"parsedDepthBoundary":true,"collectionBoundary":true,"selectorDepthBoundary":true,"regexPatternBoundary":true,"regexInputBoundary":true,"csvCellBoundary":true,"xmlNodeBoundary":true,"workerTimeoutBoundary":true,"hashAuthority":true,"oneArtifact":true,"multiArtifact":true,"arbitraryCodeImpossible":true,"resourceEnvelopeBoundaries":true}
EXIT=0
===== node verify-test-runtime.mjs =====
{
  "genericTestIr": true,
  "stage04CanonicalInputBoundary": true
}
verify-test-runtime: PASS
EXIT=0
===== node verify-hash.mjs =====
{"sha256Vectors":true,"canonicalOrdering":true,"ambiguousValuesRejected":17,"runtimeBuildIdentity":"runtime-3a7edaf28d2f6038"}
EXIT=0
===== node verify-ingestion.mjs =====
file:///home/runner/work/closed-loop-tracker/closed-loop-tracker/verify-ingestion.mjs:92
  if(!prepared.validation.valid)throw new Error(`Stage ${stage} valid response rejected: ${JSON.stringify(prepared.validation.issues)}`);
                                      ^

Error: Stage 1 valid response rejected: [{"code":"INCOMPLETE_STAGE_01_INTAKE_ACCOUNTING","path":"/stageData/INPUT_SET_CONTENTS","message":"Stage 01 INPUT_SET_CONTENTS must be a JSON string using the required accounting structure: Unexpected end of JSON input","severity":"ERROR"}]
    at file:///home/runner/work/closed-loop-tracker/closed-loop-tracker/verify-ingestion.mjs:92:39
    at ModuleJob.run (node:internal/modules/esm/module_job:343:25)
    at async onImport.tracePromise.__proto__ (node:internal/modules/esm/loader:681:26)
    at async asyncRunEntryPointWithESMLoader (node:internal/modules/run_main:117:5)

Node.js v22.23.2
EXIT=1
