FAILED_WORKFLOW_NAME=Build, verify, publish, and deploy Closed-Loop Agent Reliability
FAILED_RUN_ID=32606994604
FAILED_HEAD_SHA=a467ac1c7e75f2904ebdd5dbec4a54b75db46873
CAPTURED_AT=2026-08-23T00:06:41Z

verify	Generate the existing application with the corrected public scope	﻿2026-08-23T00:06:29.5285602Z ##[group]Run set -euo pipefail
verify	Generate the existing application with the corrected public scope	2026-08-23T00:06:29.5286575Z ^[[36;1mset -euo pipefail^[[0m
verify	Generate the existing application with the corrected public scope	2026-08-23T00:06:29.5287086Z ^[[36;1mnode build-v13-self.mjs^[[0m
verify	Generate the existing application with the corrected public scope	2026-08-23T00:06:29.5287591Z ^[[36;1mnode v13-state-replay.mjs^[[0m
verify	Generate the existing application with the corrected public scope	2026-08-23T00:06:29.5288169Z ^[[36;1mnode correct-project-scope.mjs --generated-only^[[0m
verify	Generate the existing application with the corrected public scope	2026-08-23T00:06:29.5288810Z ^[[36;1mtest -s app-v13-candidate1.html^[[0m
verify	Generate the existing application with the corrected public scope	2026-08-23T00:06:29.5289348Z ^[[36;1mtest -s app-v13.html^[[0m
verify	Generate the existing application with the corrected public scope	2026-08-23T00:06:29.5289839Z ^[[36;1mcp app-v13.html index.html^[[0m
verify	Generate the existing application with the corrected public scope	2026-08-23T00:06:29.5326663Z shell: /usr/bin/bash --noprofile --norc -e -o pipefail {0}
verify	Generate the existing application with the corrected public scope	2026-08-23T00:06:29.5327294Z ##[endgroup]
verify	Generate the existing application with the corrected public scope	2026-08-23T00:06:29.7916305Z file:///home/runner/work/closed-loop-tracker/closed-loop-tracker/build-v13-self.mjs:386
verify	Generate the existing application with the corrected public scope	2026-08-23T00:06:29.7918247Z if (regression.status !== 0) throw new Error(`Forward-pipeline regression failed: ${regression.stderr || regression.stdout}`);
verify	Generate the existing application with the corrected public scope	2026-08-23T00:06:29.7919492Z                                    ^
verify	Generate the existing application with the corrected public scope	2026-08-23T00:06:29.7919972Z 
verify	Generate the existing application with the corrected public scope	2026-08-23T00:06:29.7921004Z Error: Forward-pipeline regression failed: file:///home/runner/work/closed-loop-tracker/closed-loop-tracker/forward-pipeline-regression.mjs:4
verify	Generate the existing application with the corrected public scope	2026-08-23T00:06:29.7922453Z const fail=m=>{throw new Error(m)};
verify	Generate the existing application with the corrected public scope	2026-08-23T00:06:29.7923066Z                      ^
verify	Generate the existing application with the corrected public scope	2026-08-23T00:06:29.7923472Z 
verify	Generate the existing application with the corrected public scope	2026-08-23T00:06:29.7924657Z Error: core accepted a third requirement origin
verify	Generate the existing application with the corrected public scope	2026-08-23T00:06:29.7926467Z     at fail (file:///home/runner/work/closed-loop-tracker/closed-loop-tracker/forward-pipeline-regression.mjs:4:22)
verify	Generate the existing application with the corrected public scope	2026-08-23T00:06:29.7928394Z     at file:///home/runner/work/closed-loop-tracker/closed-loop-tracker/forward-pipeline-regression.mjs:26:14
verify	Generate the existing application with the corrected public scope	2026-08-23T00:06:29.7929975Z     at ModuleJob.run (node:internal/modules/esm/module_job:343:25)
verify	Generate the existing application with the corrected public scope	2026-08-23T00:06:29.7931309Z     at async onImport.tracePromise.__proto__ (node:internal/modules/esm/loader:681:26)
verify	Generate the existing application with the corrected public scope	2026-08-23T00:06:29.7932395Z     at async asyncRunEntryPointWithESMLoader (node:internal/modules/run_main:117:5)
verify	Generate the existing application with the corrected public scope	2026-08-23T00:06:29.7933353Z 
verify	Generate the existing application with the corrected public scope	2026-08-23T00:06:29.7933759Z Node.js v22.23.2
verify	Generate the existing application with the corrected public scope	2026-08-23T00:06:29.7934223Z 
verify	Generate the existing application with the corrected public scope	2026-08-23T00:06:29.7935081Z     at file:///home/runner/work/closed-loop-tracker/closed-loop-tracker/build-v13-self.mjs:386:36
verify	Generate the existing application with the corrected public scope	2026-08-23T00:06:29.7937084Z     at ModuleJob.run (node:internal/modules/esm/module_job:343:25)
verify	Generate the existing application with the corrected public scope	2026-08-23T00:06:29.7938390Z     at async onImport.tracePromise.__proto__ (node:internal/modules/esm/loader:681:26)
verify	Generate the existing application with the corrected public scope	2026-08-23T00:06:29.7939809Z     at async asyncRunEntryPointWithESMLoader (node:internal/modules/run_main:117:5)
verify	Generate the existing application with the corrected public scope	2026-08-23T00:06:29.7940614Z 
verify	Generate the existing application with the corrected public scope	2026-08-23T00:06:29.7940905Z Node.js v22.23.2
verify	Generate the existing application with the corrected public scope	2026-08-23T00:06:29.7972167Z ##[error]Process completed with exit code 1.
