Committed retained project requires no source materialization.
{
  "singleApplicationShell": true,
  "stages": 30,
  "retainedJobId": "JOB-20260823144121",
  "currentStage": 2,
  "stage1": "COMPLETE",
  "downstreamFabricated": false,
  "responseSchema": "closed-loop-stage-response/2",
  "obsoleteRuntimeWrappers": false
}
{"semanticAdjudication":true,"contradictoryFavorableVerdictsRejected":10,"bareNarrativeRejected":true,"stage7ControlledOutcome":true,"nativeExecutorRegistryStillEmpty":true}
{"sha256Vectors":true,"canonicalOrdering":true,"ambiguousValuesRejected":17,"runtimeBuildIdentity":"runtime-d7baf0302eacbddf"}
file:///home/runner/work/closed-loop-tracker/closed-loop-tracker/verify.mjs:60
const ingestionRun=spawnSync(process.execPath,['verify-ingestion.mjs'],{encoding:'utf8'});if(ingestionRun.status!==0)throw new Error(`verify-ingestion.mjs failed:\n${ingestionRun.stdout}\n${ingestionRun.stderr}`);
                                                                                                                           ^

Error: verify-ingestion.mjs failed:

file:///home/runner/work/closed-loop-tracker/closed-loop-tracker/verify-ingestion.mjs:92
  if(!prepared.validation.valid)throw new Error(`Stage ${stage} valid response rejected: ${JSON.stringify(prepared.validation.issues)}`);
                                      ^

Error: Stage 7 valid response rejected: [{"code":"INVALID_ENUM_VALUE","path":"/records/failureTests/0/fields/EXECUTION_OUTCOME","message":"Value must be one of REJECTED_INVALID, ACCEPTED_INVALID, UNDETERMINED, NOT_RUN.","severity":"ERROR"}]
    at file:///home/runner/work/closed-loop-tracker/closed-loop-tracker/verify-ingestion.mjs:92:39
    at ModuleJob.run (node:internal/modules/esm/module_job:343:25)
    at async onImport.tracePromise.__proto__ (node:internal/modules/esm/loader:681:26)
    at async asyncRunEntryPointWithESMLoader (node:internal/modules/run_main:117:5)

Node.js v22.23.2

    at file:///home/runner/work/closed-loop-tracker/closed-loop-tracker/verify.mjs:60:124
    at ModuleJob.run (node:internal/modules/esm/module_job:343:25)
    at async onImport.tracePromise.__proto__ (node:internal/modules/esm/loader:681:26)
    at async asyncRunEntryPointWithESMLoader (node:internal/modules/run_main:117:5)

Node.js v22.23.2
