===== verify-intent-capture.mjs =====
intent capture and Stage 04 capture-once regression passed
EXIT=0
===== verify-prompt-semantics.mjs =====
workflow-schema.js:998
  if(union.length!==fields.length||new Set(union).size!==fields.length||fields.some(name=>!union.includes(name)))throw new Error(`Ownership partition for ${title} is incomplete or overlapping.`);
                                                                                                                 ^

Error: Ownership partition for Verification tests is incomplete or overlapping.
    at recordSchema (workflow-schema.js:998:120)
    at workflow-schema.js:1028:9
    at workflow-schema.js:1233:3
    at Script.runInThisContext (node:vm:137:12)
    at Object.runInThisContext (node:vm:317:38)
    at file:///home/runner/work/closed-loop-tracker/closed-loop-tracker/verify-prompt-semantics.mjs:6:127
    at ModuleJob.run (node:internal/modules/esm/module_job:343:25)
    at async onImport.tracePromise.__proto__ (node:internal/modules/esm/loader:681:26)
    at async asyncRunEntryPointWithESMLoader (node:internal/modules/run_main:117:5)

Node.js v22.23.2
EXIT=1
===== verify-semantic-invariant.mjs =====
workflow-schema.js:998
  if(union.length!==fields.length||new Set(union).size!==fields.length||fields.some(name=>!union.includes(name)))throw new Error(`Ownership partition for ${title} is incomplete or overlapping.`);
                                                                                                                 ^

Error: Ownership partition for Verification tests is incomplete or overlapping.
    at recordSchema (workflow-schema.js:998:120)
    at workflow-schema.js:1028:9
    at workflow-schema.js:1233:3
    at Script.runInThisContext (node:vm:137:12)
    at Object.runInThisContext (node:vm:317:38)
    at file:///home/runner/work/closed-loop-tracker/closed-loop-tracker/verify-semantic-invariant.mjs:5:108
    at ModuleJob.run (node:internal/modules/esm/module_job:343:25)
    at async onImport.tracePromise.__proto__ (node:internal/modules/esm/loader:681:26)
    at async asyncRunEntryPointWithESMLoader (node:internal/modules/run_main:117:5)

Node.js v22.23.2
EXIT=1
