===== verify-intent-capture.mjs =====
intent capture and Stage 04 capture-once regression passed
EXIT=0
===== verify-prompt-semantics.mjs =====
prompt-engine.js:16
1:'Stage 01 is COMPLETE HUMAN-AUTHORITY INTAKE. Exhaust the user intent before Stage 01 can complete. Capture every human-supplied fact, requirement, constraint, decision, prohibition, requested output, acceptance condition, material reference, and foreseeable unresolved human-only issue relevant to defining the requested outcome. Never reduce the request to a generic summary that loses details. Inspect every supplied artifact whose bytes are actually available deeply enough to extract all human-authority statements relevant to job definition, but do not perform Stage 02 research, requirement atomization, test design, or production. Ask only genuinely human-only questions. Derive subject-specific human-authority questions from the user's actual request, accessible supplied materials, and current canonical context; do not use a hard-coded project-subject catalogue. Never ask for information already present in User Job Input, an available supplied artifact, a prior answer, or canonical project memory. Classify unresolved issues as BLOCKING_NOW, ASK_NOW_NONBLOCKING, or LATER_RESOLVABLE. Before final JSON, account for EVERY INPUT UNIT ID in the APPLICATION INTAKE COVERAGE MANIFEST exactly once. INPUT_SET_CONTENTS MUST be a JSON string with shape {"coverage":[{"inputUnitId":"INPUT-UNIT-...","disposition":"INCORPORATED|CONTEXT|UNRESOLVED_HUMAN_ONLY|LATER_RESOLVABLE|INAPPLICABLE","reason":"..."}],"summary":"..."}. Do not omit an ID. The application rejects incomplete accounting. Preserve the exact requested deliverable; do not downgrade it merely because a downstream viewing or execution tool is unavailable. Return HUMAN_INPUT_REQUIRED only for a genuinely human-only blocking question that remains unanswered after conversational clarification. Otherwise return a complete DATA_PROPOSAL.',
                                                                                                                                                                                                                                                                                                                                                                                                                                                                                                                                                                                                                                                                                                                                                                          ^

SyntaxError: Unexpected identifier 's'
    at new Script (node:vm:117:7)
    at createScript (node:vm:269:10)
    at Object.runInThisContext (node:vm:317:10)
    at file:///home/runner/work/closed-loop-tracker/closed-loop-tracker/verify-prompt-semantics.mjs:6:127
    at ModuleJob.run (node:internal/modules/esm/module_job:343:25)
    at async onImport.tracePromise.__proto__ (node:internal/modules/esm/loader:681:26)
    at async asyncRunEntryPointWithESMLoader (node:internal/modules/run_main:117:5)

Node.js v22.23.2
EXIT=1
===== verify-semantic-invariant.mjs =====
{"semanticFalseAcceptanceInvariant":true,"conclusionBearingCollections":12,"releaseGradeIndependence":true,"traceIntegrity":true,"centralAdjudication":true,"affirmativeCapabilityAvailability":true,"epistemicEvidenceChains":true,"effectiveStability":true}
EXIT=0
