Committed retained project requires no source materialization.
file:///home/runner/work/closed-loop-tracker/closed-loop-tracker/build-test-project.mjs:27
if(scriptTags.length!==orderedScripts.length)throw new Error(`Expected ${orderedScripts.length} direct deferred runtime scripts; found ${scriptTags.length}.`);
                                                   ^

Error: Expected 8 direct deferred runtime scripts; found 9.
    at file:///home/runner/work/closed-loop-tracker/closed-loop-tracker/build-test-project.mjs:27:52
    at ModuleJob.run (node:internal/modules/esm/module_job:343:25)
    at async onImport.tracePromise.__proto__ (node:internal/modules/esm/loader:681:26)
    at async asyncRunEntryPointWithESMLoader (node:internal/modules/run_main:117:5)

Node.js v22.23.2
node:internal/errors:983
  const err = new Error(message);
              ^

Error: Command failed: /opt/hostedtoolcache/node/22.23.2/x64/bin/node build-test-project.mjs
    at genericNodeError (node:internal/errors:983:15)
    at wrappedFn (node:internal/errors:537:14)
    at checkExecSyncError (node:child_process:916:11)
    at execFileSync (node:child_process:952:15)
    at file:///home/runner/work/closed-loop-tracker/closed-loop-tracker/upgrade-v3.mjs:110:1
    at ModuleJob.run (node:internal/modules/esm/module_job:343:25)
    at async onImport.tracePromise.__proto__ (node:internal/modules/esm/loader:681:26)
    at async asyncRunEntryPointWithESMLoader (node:internal/modules/run_main:117:5) {
  status: 1,
  signal: null,
  output: [ null, null, null ],
  pid: 2066,
  stdout: null,
  stderr: null
}

Node.js v22.23.2
