Closed-loop v3 implementation was not committed because an executed proof failed.

=== TRANSFORMATION ===
spec-v3-repair-v2: generated
Committed retained project requires no source materialization.
{
  "singleApplicationShell": true,
  "stages": 30,
  "retainedJobId": "JOB-20260823144121",
  "currentStage": 2,
  "stage1": "COMPLETE",
  "downstreamFabricated": false,
  "responseSchema": "closed-loop-stage-response/3",
  "obsoleteRuntimeWrappers": false
}

=== SOURCE PROOF ===
workbook.js:820
globalThis.closedLoopCore={SCHEMA,WORKFLOW_ID,PROJECT_SCHEMA,STAGE_COUNT,STAGE_OWNERSHIP,STAGES,APPENDICES,STAGE_DECISIONS,createBlankState,migrateState,stageTemplate,stageHumanItems:s=>s.humanChecklist||[],stageGateItems:s=>s.completionGate||[],stageEvidenceItems:s=>s.evidenceToPreserve||[],validateStageDraft,parseRecordFields,sha256Bytes,sha256Text,immutableRevision,invalidateDownstream,compareArtifactSets};dispatchEvent(new Event('closed-loop-core-ready'));
                                                                                                                                                                                                                                                                                                                                                                                                                             ^

ReferenceError: dispatchEvent is not defined
    at workbook.js:820:414
    at workbook.js:821:3
    at Script.runInContext (node:vm:149:12)
    at Script.runInNewContext (node:vm:154:17)
    at Object.runInNewContext (node:vm:310:38)
    at file:///home/runner/work/closed-loop-tracker/closed-loop-tracker/verify-v3-contract.mjs:9:87
    at ModuleJob.run (node:internal/modules/esm/module_job:343:25)
    at async onImport.tracePromise.__proto__ (node:internal/modules/esm/loader:681:26)
    at async asyncRunEntryPointWithESMLoader (node:internal/modules/run_main:117:5)

Node.js v22.23.2

=== BROWSER PROOF ===
