===== node --check workbook.js =====
===== node --check workflow-schema.js =====
===== node --check test-runtime.js =====
===== node --check test-worker.js =====
===== node --check workflow-engine.js =====
===== node --check prompt-engine.js =====
===== node --check response-ingestion.js =====
===== node --check project-store.js =====
===== node --check app-core.js =====
===== node --check verify-capture-once.mjs =====
===== capture-once regression =====
file:///home/runner/work/closed-loop-tracker/closed-loop-tracker/verify-capture-once.mjs:5
const assert=(ok,msg)=>{if(!ok)throw new Error(msg)};
                                     ^

Error: Stage 04 prompt asks human to resupply original intent
    at assert (file:///home/runner/work/closed-loop-tracker/closed-loop-tracker/verify-capture-once.mjs:5:38)
    at file:///home/runner/work/closed-loop-tracker/closed-loop-tracker/verify-capture-once.mjs:27:1
    at ModuleJob.run (node:internal/modules/esm/module_job:343:25)
    at async onImport.tracePromise.__proto__ (node:internal/modules/esm/loader:681:26)
    at async file:///home/runner/work/closed-loop-tracker/closed-loop-tracker/[eval1]:1:99

Node.js v22.23.2
