{
  "stagesCompleted": 30,
  "automaticExternalContinuations": true,
  "completedRunsNotRepeated": true,
  "compositeIterationOperationHandoffs": true,
  "clarificationCycles": 1,
  "confirmedDefects": 1,
  "correctedIterationRuns": 10,
  "unchangedConfirmationRuns": 10,
  "verificationTripleCoverage": 1,
  "release": "ACCEPTED",
  "artifactIdentity": true,
  "evidenceChains": true,
  "reloadIntegrity": true,
  "artifactBatchEquivalence": [
    {
      "snapshot": "initial-intake",
      "stage": 1,
      "members": 66,
      "exactCanonicalEquality": true
    },
    {
      "snapshot": "frozen-candidate",
      "stage": 10,
      "members": 5,
      "exactCanonicalEquality": true
    },
    {
      "snapshot": "current-product",
      "stage": 21,
      "members": 5,
      "exactCanonicalEquality": true
    },
    {
      "snapshot": "authorized-terminal",
      "stage": 21,
      "members": 5,
      "exactCanonicalEquality": true
    }
  ]
}
