{"storageRegression":"database:blocked-upgrade-does-not-queue-startup","passed":true}
{"storageRegression":"database:blocked-upgrade-visible-recovery","passed":true}
{"storageRegression":"view:collapsed-diagnostic-lists","passed":true,"stages":30,"completeReasons":603,"longReasonPreserved":true}
{"packageSourceReads":{"complete":{"sourceBytes":393221,"readBytes":786442},"execution":{"sourceBytes":265555,"readBytes":802889}}}
{"storageRegression":"export:one-file-pass-after-integrity-verification","passed":true}
{"storageRegression":"execution-package:bounded-integrity-crc-and-transport-hash-passes","passed":true}
{"storageRegression":"export:one-project-pass-after-snapshot-verification","passed":true}
{"packageBackpressure":{"sourceBytes":1048577,"readBytesBeforeCompressorRelease":1155052}}
{"storageRegression":"export:compression-backpressure-bounds-source-reads","passed":true}
{"storageRegression":"export:stream-failure-keeps-verified-checkpoint-and-recovers","passed":true}
{"storageRegression":"export:late-source-failure-keeps-verified-checkpoint-and-recovers","passed":true}
{"storageRegression":"export:verified-snapshot-hash-reused","passed":true}
{"storageRegression":"read:revision-metadata-must-match-verified-project","passed":true}
{"storageRegression":"read:legacy-corruption-keeps-hash-mismatch-recovery","passed":true}
{"storageRegression":"export:concurrent-save-keeps-snapshot-identity","passed":true}
{"storageRegression":"import:replay-saved-projections-without-fabricating-gates","passed":true}
{"storageRegression":"import:saved-projection-does-not-bypass-record-or-release-checks","passed":true}
{"accumulatedStage4Read":{"attempts":100,"encodes":2061,"characters":18192842,"digest":"fa6ac33b901be725e253557727b0fe9c4a59300f783c424f4e61bf35b271462d"}}
{"storageRegression":"accumulation:selected-stage4-read-buffers","passed":true}
{"storageRegression":"diagnostics:complete-exports-do-not-wait-for-health","passed":true}
{"promptContextReadPressure":{"prompts":64,"uniqueFiles":1,"artifactReads":1,"readonlyTransactions":2}}
{"storageRegression":"prompt-context:shared-identities-one-read-snapshot","passed":true}
{"promptContextDistinctPressure":{"references":258,"uniqueFiles":129,"artifactReads":129,"readonlyTransactions":1}}
{"storageRegression":"prompt-context:distinct-identities-bounded-snapshot","passed":true}
{"storageRegression":"prompt-context:fresh-verification-owner","passed":true}
{"storageRegression":"prompt-context:fresh-verification-digest","passed":true}
{"storageRegression":"prompt-context:fresh-verification-size","passed":true}
{"storageRegression":"prompt-context:fresh-verification-contradictory-reference","passed":true}
{"storageRegression":"prompt-context:materialize-shared-missing-bytes-once","passed":true}
{"storageRegression":"prompt-context:missing-history-cannot-use-current-content","passed":true}
{"storageRegression":"prompt-context:historical-eligibility-and-backup-custody","passed":true}
{"artifactRegistrationPressure":{"files":1,"preCommitRecalculations":1}}
{"storageRegression":"file-intake:bounded-registration:1","passed":true}
{"artifactRegistrationPressure":{"files":64,"preCommitRecalculations":1}}
{"storageRegression":"file-intake:bounded-registration:64","passed":true}
{"artifactRegistrationPressure":{"files":65,"preCommitRecalculations":2}}
{"storageRegression":"file-intake:bounded-registration:65","passed":true}
{"artifactRegistrationPressure":{"files":129,"preCommitRecalculations":3}}
{"storageRegression":"file-intake:bounded-registration:129","passed":true}
{"storageRegression":"file-intake:batch-member-rejection:identity","passed":true}
{"storageRegression":"file-intake:batch-member-rejection:product","passed":true}
{"storageRegression":"file-intake:first-file:project","passed":true}
{"storageRegression":"file-intake:first-file:stage","passed":true}
{"storageRegression":"file-intake:first-file:revision","passed":true}
{"storageRegression":"file-intake:first-file:second-file-failure","passed":true}
{"storageRegression":"file-intake:second-file:project","passed":true}
{"storageRegression":"file-intake:second-file:stage","passed":true}
{"storageRegression":"file-intake:second-file:revision","passed":true}
{"storageRegression":"file-intake:second-file:second-file-failure","passed":true}
{"storageRegression":"file-intake:first-text:project","passed":true}
{"storageRegression":"file-intake:first-text:stage","passed":true}
{"storageRegression":"file-intake:first-text:revision","passed":true}
{"storageRegression":"file-intake:first-text:second-file-failure","passed":true}
{"storageRegression":"file-intake:second-text:project","passed":true}
{"storageRegression":"file-intake:second-text:stage","passed":true}
{"storageRegression":"file-intake:second-text:revision","passed":true}
{"storageRegression":"file-intake:second-text:second-file-failure","passed":true}
{"storageRegression":"file-intake:post-commit-render-failure-keeps-bytes","passed":true}
{"storageRegression":"storage-refresh:navigation-cannot-replace-totals","passed":true}
{"storageRegression":"addNew:preserve-newer-project","passed":true}
{"storageRegression":"duplicateCurrentProject:preserve-newer-project","passed":true}
{"storageRegression":"materializeProject:preserve-newer-project","passed":true}
{"storageRegression":"unloadInactiveProjects:preserve-newer-project","passed":true}
{"storageRegression":"archiveCurrentProject:preserve-newer-project","passed":true}
{"storageRegression":"bulk-write:stale-revision-atomic","passed":true}
{"storageRegression":"create-only:existing-zero-revision","passed":true}
{"storageRegression":"backup:required-canonical-bytes","passed":true}
{"storageRegression":"response-size:reject-before-full-read-preserve-raw","passed":true}
{"storageRegression":"import:incremental-package-decoding","passed":true}
{"storageRegression":"import:json-semantics-and-adversarial-streams","passed":true}
{"storageRegression":"artifact-queries:project-local-without-store-scan","passed":true}
{"storageRegression":"backup:required-prompt-context","passed":true}
{"storageRegression":"import:post-commit-refresh-failure","passed":true}
{"storageRegression":"import:pre-commit-failure-preserves-state","passed":true}
{"storageRegression":"delete:verified-selection-before-async-refresh","passed":true}
Startup support-project persistence failed; continuing without rewriting user projects. Error: Project changed before its checkpoint could be prepared.
    at storageError (evalmachine.<anonymous>:46:50)
    at prepareProjectWrite (evalmachine.<anonymous>:614:148)
    at process.processTicksAndRejections (node:internal/process/task_queues:103:5)
    at async Object.writeProject (evalmachine.<anonymous>:631:18)
    at async load (evalmachine.<anonymous>:1:1663)
    at async file:///home/runner/work/closed-loop-tracker/closed-loop-tracker/verify-project-lifecycle-full.mjs:704:3
    at async storageRegression (file:///home/runner/work/closed-loop-tracker/closed-loop-tracker/verify-project-lifecycle-full.mjs:297:48)
    at async file:///home/runner/work/closed-loop-tracker/closed-loop-tracker/verify-project-lifecycle-full.mjs:700:1 {
  code: 'STALE_PROJECT_REVISION'
}
{"storageRegression":"startup:retained-refresh-keeps-snapshot-revision","passed":true}
{"storageRegression":"startup:unchanged-build-reuses-retained-project","passed":true}
{"storageRegression":"startup:picker-projection-and-selected-only","passed":true}
{"storageRegression":"diagnostics:startup-slow-health-does-not-block","passed":true}
{"storageRegression":"diagnostics:startup-failed-health-does-not-block","passed":true}
{"storageRegression":"storage-worker:same-authorities-and-cas","passed":true}
{"storageRegression":"storage-worker:commit-survives-lost-reply","passed":true}
{"storageRegression":"storage-worker:atomic-abort-and-import-recovery","passed":true}
{"projectLifecycleControls":true,"compactHeader":true,"mobileProjectActionsVisible":true,"dangerHiddenByDefault":true,"transactionalDeleteRetained":true,"lifecycleMetadataDeleteAtomic":true,"durableAttemptAbandonment":true,"canonicalBlobReverification":true,"applicationCustodyBlocking":true,"custodyFailureRecoveryBehavior":true,"staleDeliveryAuthorizationNotResurrected":true,"perProjectBackupState":true,"zeroLossAcceptanceReduction":true,"queuedHandoffFilesPreserved":true,"exportNavigationGuard":true,"completeExportIdentityAfterNavigation":true,"serializedCompletePackages":true,"completeExportFailureRecovery":true,"unsafeOverrides":0}
